\BOOKMARK [1][-]{section.1}{\376\377\137\025\212\000}{}% 1
\BOOKMARK [1][-]{section.2}{\376\377\166\370\121\163\135\345\117\134}{}% 2
\BOOKMARK [1][-]{section.3}{\376\377\174\373\176\337\152\041\127\213\116\016\225\356\230\230\210\150\217\360}{}% 3
\BOOKMARK [2][-]{subsection.3.1}{\376\377\177\121\176\334\127\072\146\157\116\016\145\160\143\156\147\145\156\220}{section.3}% 4
\BOOKMARK [2][-]{subsection.3.2}{\376\377\123\314\145\366\225\364\134\072\136\246\136\372\152\041}{section.3}% 5
\BOOKMARK [2][-]{subsection.3.3}{\376\377\122\007\162\107\116\032\122\241\116\016\123\302\145\160\150\007\133\232}{section.3}% 6
\BOOKMARK [2][-]{subsection.3.4}{\376\377\122\007\162\107\215\104\156\220\230\204\173\227\176\246\147\137}{section.3}% 7
\BOOKMARK [2][-]{subsection.3.5}{\376\377\117\040\217\223\060\001\226\037\122\027\116\016\136\162\142\160\152\041\127\213}{section.3}% 8
\BOOKMARK [2][-]{subsection.3.6}{\376\377\176\337\116\000\145\110\165\050\121\375\145\160}{section.3}% 9
\BOOKMARK [1][-]{section.4}{\376\377\154\102\211\343\150\106\147\266}{}% 10
\BOOKMARK [2][-]{subsection.4.1}{\376\377\140\073\117\123\140\035\215\357}{section.4}% 11
\BOOKMARK [2][-]{subsection.4.2}{\376\377\227\131\140\001\150\041\121\306\134\102\377\032\174\276\170\156\147\232\116\076}{section.4}% 12
\BOOKMARK [2][-]{subsection.4.3}{\376\377\123\125\172\331\122\250\140\001\134\102\377\032\147\011\226\120\145\366\127\337\156\332\122\250\117\030\123\026}{section.4}% 13
\BOOKMARK [2][-]{subsection.4.4}{\376\377\131\032\172\331\200\046\124\010\134\102\377\032\122\006\134\102\137\072\123\026\133\146\116\140}{section.4}% 14
\BOOKMARK [1][-]{section.5}{\376\377\133\236\232\214\213\276\177\156\116\016\176\323\147\234\122\006\147\220}{}% 15
\BOOKMARK [2][-]{subsection.5.1}{\376\377\133\236\232\214\145\160\143\156\116\016\213\304\116\367\123\343\137\204}{section.5}% 16
\BOOKMARK [2][-]{subsection.5.2}{\376\377\227\131\140\001\123\125\172\331\150\041\121\306\133\236\232\214}{section.5}% 17
\BOOKMARK [2][-]{subsection.5.3}{\376\377\122\250\140\001\123\125\172\331\133\371\161\147\133\236\232\214}{section.5}% 18
\BOOKMARK [2][-]{subsection.5.4}{\376\377\131\032\172\331\136\162\142\160\200\046\124\010\133\236\232\214}{section.5}% 19
\BOOKMARK [2][-]{subsection.5.5}{\376\377\123\302\145\160\160\165\145\117\136\246\122\006\147\220}{section.5}% 20
\BOOKMARK [1][-]{section.6}{\376\377\213\250\213\272}{}% 21
\BOOKMARK [1][-]{section.7}{\376\377\176\323\213\272}{}% 22
